// Jest Snapshot v1, https://goo.gl/fbAQLP

exports[`Card Filter should render correctly 1`] = `
<div
  className="mainCardContainer"
>
  <div
    className="filters"
  >
    Filters
  </div>
  <div
    className="launchYear"
  >
    Launch Year
  </div>
  <div
    className="buttonContainer"
  >
    <div
      className="buttonDiv"
    >
      <button
        className="button"
        onClick={[Function]}
      >
        2006
      </button>
    </div>
    <div
      className="buttonDiv"
    >
      <button
        className="button"
        onClick={[Function]}
      >
        2007
      </button>
    </div>
    <div
      className="buttonDiv"
    >
      <button
        className="button"
        onClick={[Function]}
      >
        2008
      </button>
    </div>
    <div
      className="buttonDiv"
    >
      <button
        className="button"
        onClick={[Function]}
      >
        2009
      </button>
    </div>
    <div
      className="buttonDiv"
    >
      <button
        className="button isSelected"
        onClick={[Function]}
      >
        2010
      </button>
    </div>
    <div
      className="buttonDiv"
    >
      <button
        className="button"
        onClick={[Function]}
      >
        2011
      </button>
    </div>
    <div
      className="buttonDiv"
    >
      <button
        className="button"
        onClick={[Function]}
      >
        2012
      </button>
    </div>
    <div
      className="buttonDiv"
    >
      <button
        className="button"
        onClick={[Function]}
      >
        2013
      </button>
    </div>
    <div
      className="buttonDiv"
    >
      <button
        className="button"
        onClick={[Function]}
      >
        2014
      </button>
    </div>
    <div
      className="buttonDiv"
    >
      <button
        className="button"
        onClick={[Function]}
      >
        2015
      </button>
    </div>
    <div
      className="buttonDiv"
    >
      <button
        className="button"
        onClick={[Function]}
      >
        2016
      </button>
    </div>
    <div
      className="buttonDiv"
    >
      <button
        className="button"
        onClick={[Function]}
      >
        2017
      </button>
    </div>
    <div
      className="buttonDiv"
    >
      <button
        className="button"
        onClick={[Function]}
      >
        2018
      </button>
    </div>
    <div
      className="buttonDiv"
    >
      <button
        className="button"
        onClick={[Function]}
      >
        2019
      </button>
    </div>
    <div
      className="buttonDiv"
    >
      <button
        className="button"
        onClick={[Function]}
      >
        2020
      </button>
    </div>
  </div>
  <div
    className="launchYear"
  >
    Successful Launch
  </div>
  <div
    className="buttonContainer"
  >
    <div
      className="buttonDiv"
    >
      <button
        className="button"
        onClick={[Function]}
      >
        True
      </button>
    </div>
    <div
      className="buttonDiv"
    >
      <button
        className="button"
        onClick={[Function]}
      >
        False
      </button>
    </div>
  </div>
  <div
    className="launchYear"
  >
    Successful Landing
  </div>
  <div
    className="buttonContainer"
  >
    <div
      className="buttonDiv"
    >
      <button
        className="button"
        onClick={[Function]}
      >
        True
      </button>
    </div>
    <div
      className="buttonDiv"
    >
      <button
        className="button"
        onClick={[Function]}
      >
        False
      </button>
    </div>
  </div>
</div>
`;
